--- ../connectivity/prj/build.lst	2 Jun 2003 07:53:47 -0000	1.18
+++ ../connectivity/prj/build.lst	8 Aug 2003 07:21:31 -0000
@@ -1,4 +1,4 @@
-cn	connectivity	:	comphelper moz svtools unixODBC NULL
+cn	connectivity	:	comphelper svtools unixODBC NULL
 cn	connectivity							usr1	-	all	cn_mkout NULL
 cn	connectivity\source\types				nmake	-	all	cn_types NULL
 cn	connectivity\source\commontools			nmake	-	all	cn_cmtools cn_parse cn_types NULL
@@ -7,8 +7,6 @@
 cn	connectivity\source\resource			nmake	-	all	cn_res NULL
 cn	connectivity\source\sdbcx				nmake	-	all	cn_sdbcx cn_types NULL
 cn	connectivity\source\drivers\ado			nmake	-	w	cn_ado cn_dbtools NULL
-cn	connectivity\source\drivers\mozab\mozillasrc		nmake	-	all	cn_mozab_mozillasrc cn_file NULL
-cn	connectivity\source\drivers\mozab	nmake	-	all	cn_mozab cn_mozab_mozillasrc cn_dbtools NULL
 cn	connectivity\source\drivers\evoab	nmake	-	all	cn_evoab cn_dbtools cn_file NULL
 cn	connectivity\source\drivers\calc		nmake	-	all	cn_calc cn_file NULL
 cn	connectivity\source\drivers\odbc		nmake	-	all	cn_odbc cn_dbtools NULL
