%% $FreeBSD$
%%
%
% Japanese (JIS encoding)
%
rmlsl       ".167 SlantFont"  Ryumin-Light-H 
gbmsl       ".167 SlantFont"  GothicBBB-Medium-H
%%
rml         Ryumin-Light-H
rmlv        Ryumin-Light-V
gbm         GothicBBB-Medium-H
gbmv        GothicBBB-Medium-V
%%
%rml         Ryumin-Light-Ext-H
%rmlv        Ryumin-Light-Ext-V
%gbm         GothicBBB-Medium-Ext-H
%gbmv        GothicBBB-Medium-Ext-V
%
% Morisawa
%
ryumin-l    Ryumin-Light-H
ryumin-l-v  Ryumin-Light-V
gtbbb-m     GothicBBB-Medium-H
gtbbb-m-v   GothicBBB-Medium-V
futomin-b   FutoMinA101-Bold-H
futomin-b-v FutoMinA101-Bold-V
futogo-b    FutoGoB101-Bold-H
futogo-b-v  FutoGoB101-Bold-V
jun101-l    Jun101-Light-H
jun101-l-v  Jun101-Light-V
%
% ums package + virtual fonts
%
unimin      Ryumin-Light-UniJIS-UCS2-H
unigoth     GothicBBB-Medium-UniJIS-UCS2-H
%
% utf package (S. Saito)
%
unijmin-h   Ryumin-Light-UniJIS-UTF16-H
unijmin-v   Ryumin-Light-UniJIS-UTF16-V
unijgoth-h  GothicBBB-Medium-UniJIS-UTF16-H
unijgoth-v  GothicBBB-Medium-UniJIS-UTF16-V
%%
cidmin-h    Ryumin-Light-Identity-H
cidmin-v    Ryumin-Light-Identity-V
cidgoth-h   GothicBBB-Medium-Identity-H
cidgoth-v   GothicBBB-Medium-Identity-V
%
% Local variables:
% page-delimiter: "^% \f"
% End:
