--- /dev/null	Thu Jun  6 20:06:34 2002
+++ salhelper/source/gcc3_freebsd_intel.map	Thu Jun  6 20:02:29 2002
@@ -0,0 +1,31 @@
+UDK_3_0_0 {
+	global:
+GetVersionInfo;
+_DYNAMIC;
+_GLOBAL_OFFSET_TABLE_;
+_ZN9salhelper18ORealDynamicLoader11newInstanceEPPS0_RKN3rtl8OUStringES6_;
+_ZN9salhelper18ORealDynamicLoader7acquireEv;
+_ZN9salhelper18ORealDynamicLoader7releaseEv;
+_ZN9salhelper18ORealDynamicLoaderC1EPPS0_RKN3rtl8OUStringES6_PvS7_;
+_ZN9salhelper18ORealDynamicLoaderC2EPPS0_RKN3rtl8OUStringES6_PvS7_;
+_ZN9salhelper18ORealDynamicLoaderD0Ev;
+_ZN9salhelper18ORealDynamicLoaderD1Ev;
+_ZN9salhelper18ORealDynamicLoaderD2Ev;
+_ZN9salhelper21SimpleReferenceObjectD0Ev;
+_ZN9salhelper21SimpleReferenceObjectD1Ev;
+_ZN9salhelper21SimpleReferenceObjectD2Ev;
+_ZN9salhelper21SimpleReferenceObjectdlEPv;
+_ZN9salhelper21SimpleReferenceObjectnwEj;
+_ZNK9salhelper18ORealDynamicLoader6getApiEv;
+_ZTVN9salhelper18ORealDynamicLoaderE;
+_ZTVN9salhelper21SimpleReferenceObjectE;
+__bss_start;
+_edata;
+_end;
+_fini;
+_init;
+component_getDescriptionFunc;
+	local:
+		*;
+};
+
