--- /dev/null	Thu Jun  6 20:06:24 2002
+++ salhelper/source/gcc2_freebsd_intel.map	Thu Jun  6 20:02:18 2002
@@ -0,0 +1,28 @@
+SALHLP_1_0 {
+global:
+GetVersionInfo;
+_._Q28salhelper18ORealDynamicLoader;
+__Q29salhelper18ORealDynamicLoaderPPQ29salhelper18ORealDynamicLoaderRCQ23rtl8OUStringT2PvT4;
+__tfQ29salhelper18ORealDynamicLoader;
+__tiQ29salhelper18ORealDynamicLoader;
+__vt_Q29salhelper18ORealDynamicLoader;
+_fini;
+_init;
+acquire__Q29salhelper18ORealDynamicLoader;
+getApi__CQ29salhelper18ORealDynamicLoader;
+newInstance__Q29salhelper18ORealDynamicLoaderPPQ29salhelper18ORealDynamicLoaderRCQ23rtl8OUStringT2;
+release__Q29salhelper18ORealDynamicLoader;
+_._Q29salhelper21SimpleReferenceObject;
+__Q29salhelper21SimpleReferenceObject;
+__dl__Q29salhelper21SimpleReferenceObjectPv;
+__dl__Q29salhelper21SimpleReferenceObjectPvRC9nothrow_t;
+__nw__Q29salhelper21SimpleReferenceObjectUi;
+__nw__Q29salhelper21SimpleReferenceObjectUiRC9nothrow_t;
+__tfQ29salhelper21SimpleReferenceObject;
+__tiQ29salhelper21SimpleReferenceObject;
+__vt_Q29salhelper21SimpleReferenceObject;
+acquire__Q29salhelper21SimpleReferenceObject;
+release__Q29salhelper21SimpleReferenceObject;
+local:
+*;
+};
